******************************************************************************
             TMS320C2000 Linker Unix v22.6.1                   
******************************************************************************
>> Linked Sat Apr  6 17:11:32 2024

OUTPUT FILE NAME:   <VASA.out>
ENTRY POINT SYMBOL: "_c_int00"  address: 000820a8


MEMORY CONFIGURATION

         name            origin    length      used     unused   attr    fill
----------------------  --------  ---------  --------  --------  ----  --------
PAGE 0:
  RAMM0                 00000123   000002dd  00000000  000002dd  RWIX
  RAMLS0                00008000   00000800  00000004  000007fc  RWIX
  RAMLS1                00008800   00000800  00000000  00000800  RWIX
  RAMLS2                00009000   00000800  00000000  00000800  RWIX
  RAMLS3                00009800   00000800  00000000  00000800  RWIX
  RAMLS4                0000a000   00000800  00000000  00000800  RWIX
  RAMD0                 0000b000   00000800  00000000  00000800  RWIX
  RAMGS14               0001a000   00001000  00000000  00001000  RWIX
  RAMGS15               0001b000   00000ff8  00000000  00000ff8  RWIX
  BEGIN                 00080000   00000002  00000000  00000002  RWIX
  FLASHA                00080002   00001ffe  00000000  00001ffe  RWIX
  FLASHB                00082000   00002000  00000269  00001d97  RWIX
  FLASHC                00084000   00002000  00000000  00002000  RWIX
  FLASHD                00086000   00002000  00000004  00001ffc  RWIX
  FLASHE                00088000   00008000  00000000  00008000  RWIX
  FLASHF                00090000   00008000  00000000  00008000  RWIX
  FLASHG                00098000   00008000  00000000  00008000  RWIX
  FLASHH                000a0000   00008000  00000000  00008000  RWIX
  FLASHI                000a8000   00008000  00000000  00008000  RWIX
  FLASHJ                000b0000   00008000  00000000  00008000  RWIX
  FLASHK                000b8000   00002000  00000000  00002000  RWIX
  FLASHL                000ba000   00002000  00000000  00002000  RWIX
  FLASHM                000bc000   00002000  00000000  00002000  RWIX
  FLASHN                000be000   00001ff0  00000000  00001ff0  RWIX
  RESET                 003fffc0   00000002  00000000  00000002  RWIX

PAGE 1:
  BOOT_RSVD             00000002   00000121  00000000  00000121  RWIX
  RAMM1                 00000400   000003f8  00000200  000001f8  RWIX
  RAMLS5                0000a800   00000800  0000000a  000007f6  RWIX
  RAMD1                 0000b800   00000800  00000000  00000800  RWIX
  RAMGS0                0000c000   00001000  00000000  00001000  RWIX
  RAMGS1                0000d000   00001000  00000000  00001000  RWIX
  RAMGS2                0000e000   00001000  00000000  00001000  RWIX
  RAMGS3                0000f000   00001000  00000000  00001000  RWIX
  RAMGS4                00010000   00001000  00000000  00001000  RWIX
  RAMGS5                00011000   00001000  00000000  00001000  RWIX
  RAMGS6                00012000   00001000  00000000  00001000  RWIX
  RAMGS7                00013000   00001000  00000000  00001000  RWIX
  RAMGS8                00014000   00001000  00000000  00001000  RWIX
  RAMGS9                00015000   00001000  00000000  00001000  RWIX
  RAMGS10               00016000   00001000  00000000  00001000  RWIX
  RAMGS11               00017000   00001000  00000000  00001000  RWIX
  RAMGS12               00018000   00001000  00000000  00001000  RWIX
  RAMGS13               00019000   00001000  00000000  00001000  RWIX
  CPU2TOCPU1RAM         0003f800   00000400  00000000  00000400  RWIX
  CPU1TOCPU2RAM         0003fc00   00000400  00000000  00000400  RWIX


SECTION ALLOCATION MAP

 output                                  attributes/
section   page    origin      length       input sections
--------  ----  ----------  ----------   ----------------
.cinit     0    00082000    0000001a     
                  00082000    0000000e     rts2800_fpu32.lib : exit.c.obj (.cinit)
                  0008200e    00000005                       : _lock.c.obj (.cinit:__lock)
                  00082013    00000005                       : _lock.c.obj (.cinit:__unlock)
                  00082018    00000002     --HOLE-- [fill = 0]

.stack     1    00000400    00000200     UNINITIALIZED
                  00000400    00000200     --HOLE--

.reset     0    003fffc0    00000002     DSECT
                  003fffc0    00000002     rts2800_fpu32.lib : boot28.asm.obj (.reset)

.pinit     0    00082000    00000000     UNINITIALIZED

.TI.ramfunc 
*          0    00086000    00000004     RUN ADDR = 00008000
                  00086000    00000004     driverlib_coff.lib : sysctl.obj (.TI.ramfunc)

GETBUFFER 
*          0    0003f800    00000000     DSECT

GETWRITEIDX 
*          0    0003f800    00000000     DSECT

PUTREADIDX 
*          0    0003f800    00000000     DSECT

.text      0    00082020    0000024f     
                  00082020    00000088     rts2800_fpu32.lib : fs_div28.asm.obj (.text)
                  000820a8    00000056                       : boot28.asm.obj (.text)
                  000820fe    00000041     driverlib_coff.lib : interrupt.obj (.text:_Interrupt_initModule)
                  0008213f    0000003f                        : gpio.obj (.text:_GPIO_setPadConfig)
                  0008217e    0000002c     main.obj (.text)
                  000821aa    00000029     rts2800_fpu32.lib : exit.c.obj (.text)
                  000821d3    00000024                       : cpy_tbl.c.obj (.text)
                  000821f7    00000020     driverlib_coff.lib : gpio.obj (.text:_GPIO_setDirectionMode)
                  00082217    0000001d     rts2800_fpu32.lib : memcpy.c.obj (.text)
                  00082234    00000015     driverlib_coff.lib : interrupt.obj (.text:_Interrupt_initVectorTable)
                  00082249    00000012     rts2800_fpu32.lib : args_main.c.obj (.text)
                  0008225b    00000009                       : _lock.c.obj (.text)
                  00082264    00000004     driverlib_coff.lib : interrupt.obj (.text:_Interrupt_defaultHandler)
                  00082268    00000002                        : interrupt.obj (.text:_Interrupt_illegalOperationHandler)
                  0008226a    00000002                        : interrupt.obj (.text:_Interrupt_nmiHandler)
                  0008226c    00000002     rts2800_fpu32.lib : pre_init.c.obj (.text)
                  0008226e    00000001                       : startup.c.obj (.text)

.ebss      1    0000a800    0000000a     UNINITIALIZED
                  0000a800    00000006     rts2800_fpu32.lib : exit.c.obj (.ebss)
                  0000a806    00000002                       : _lock.c.obj (.ebss:__lock)
                  0000a808    00000002                       : _lock.c.obj (.ebss:__unlock)

MODULE SUMMARY

       Module             code   initialized data   uninitialized data
       ------             ----   ----------------   ------------------
    <current directory>
       main.obj           44     0                  0                 
    +--+------------------+------+------------------+--------------------+
       Total:             44     0                  0                 
                                                                      
    /home/brighton/Documents/SDK/ti/f28379d/C2000Ware_5_01_00_00/driverlib/f2837xd/driverlib/ccs/Release/driverlib_coff.lib
       gpio.obj           95     0                  0                 
       interrupt.obj      94     0                  0                 
       sysctl.obj         8      0                  0                 
    +--+------------------+------+------------------+--------------------+
       Total:             197    0                  0                 
                                                                      
    /opt/ccstudio/ccs/tools/compiler/ti-cgt-c2000_22.6.1.LTS/lib/rts2800_fpu32.lib
       fs_div28.asm.obj   136    0                  0                 
       boot28.asm.obj     86     0                  0                 
       exit.c.obj         41     14                 6                 
       cpy_tbl.c.obj      36     0                  0                 
       memcpy.c.obj       29     0                  0                 
       _lock.c.obj        9      10                 4                 
       args_main.c.obj    18     0                  0                 
       pre_init.c.obj     2      0                  0                 
       startup.c.obj      1      0                  0                 
    +--+------------------+------+------------------+--------------------+
       Total:             358    24                 10                
                                                                      
       Stack:             0      0                  512               
    +--+------------------+------+------------------+--------------------+
       Grand Total:       599    24                 522               


GLOBAL DATA SYMBOLS: SORTED BY DATA PAGE

address     data page           name
--------    ----------------    ----
00000400      10 (00000400)     __stack

0000a800     2a0 (0000a800)     ___TI_enable_exit_profile_output
0000a802     2a0 (0000a800)     ___TI_cleanup_ptr
0000a804     2a0 (0000a800)     ___TI_dtors_ptr
0000a806     2a0 (0000a800)     __lock
0000a808     2a0 (0000a800)     __unlock


GLOBAL SYMBOLS: SORTED ALPHABETICALLY BY Name 

page  address   name                            
----  -------   ----                            
abs   ffffffff  .text                           
0     000821aa  C$$EXIT                         
0     00082020  FS$$DIV                         
n/a   UNDEFED   _Device_init                    
n/a   UNDEFED   _Device_initGPIO                
0     000821f7  _GPIO_setDirectionMode          
0     0008213f  _GPIO_setPadConfig              
0     000820fe  _Interrupt_initModule           
0     00082234  _Interrupt_initVectorTable      
0     00086004  _RamfuncsLoadEnd                
abs   00000004  _RamfuncsLoadSize               
0     00086000  _RamfuncsLoadStart              
0     00008004  _RamfuncsRunEnd                 
abs   00000004  _RamfuncsRunSize                
0     00008000  _RamfuncsRunStart               
0     00008000  _SysCtl_delay                   
1     00000600  __STACK_END                     
abs   00000200  __STACK_SIZE                    
1     0000a802  ___TI_cleanup_ptr               
1     0000a804  ___TI_dtors_ptr                 
1     0000a800  ___TI_enable_exit_profile_output
abs   ffffffff  ___TI_pprof_out_hndl            
abs   ffffffff  ___TI_prof_data_size            
abs   ffffffff  ___TI_prof_data_start           
abs   ffffffff  ___binit__                      
abs   ffffffff  ___c_args__                     
0     00082000  ___cinit__                      
abs   ffffffff  ___etext__                      
abs   ffffffff  ___pinit__                      
abs   ffffffff  ___text__                       
0     00082249  __args_main                     
1     0000a806  __lock                          
0     00082263  __nop                           
0     0008225f  __register_lock                 
0     0008225b  __register_unlock               
1     00000400  __stack                         
0     0008226e  __system_post_cinit             
0     0008226c  __system_pre_init               
1     0000a808  __unlock                        
0     000821aa  _abort                          
0     000820a8  _c_int00                        
0     000821d3  _copy_in                        
0     000821ac  _exit                           
0     0008217e  _main                           
0     00082217  _memcpy                         
abs   ffffffff  binit                           
0     00082000  cinit                           
abs   ffffffff  etext                           
abs   ffffffff  pinit                           


GLOBAL SYMBOLS: SORTED BY Symbol Address 

page  address   name                            
----  -------   ----                            
0     00008000  _RamfuncsRunStart               
0     00008000  _SysCtl_delay                   
0     00008004  _RamfuncsRunEnd                 
0     00082000  ___cinit__                      
0     00082000  cinit                           
0     00082020  FS$$DIV                         
0     000820a8  _c_int00                        
0     000820fe  _Interrupt_initModule           
0     0008213f  _GPIO_setPadConfig              
0     0008217e  _main                           
0     000821aa  C$$EXIT                         
0     000821aa  _abort                          
0     000821ac  _exit                           
0     000821d3  _copy_in                        
0     000821f7  _GPIO_setDirectionMode          
0     00082217  _memcpy                         
0     00082234  _Interrupt_initVectorTable      
0     00082249  __args_main                     
0     0008225b  __register_unlock               
0     0008225f  __register_lock                 
0     00082263  __nop                           
0     0008226c  __system_pre_init               
0     0008226e  __system_post_cinit             
0     00086000  _RamfuncsLoadStart              
0     00086004  _RamfuncsLoadEnd                
1     00000400  __stack                         
1     00000600  __STACK_END                     
1     0000a800  ___TI_enable_exit_profile_output
1     0000a802  ___TI_cleanup_ptr               
1     0000a804  ___TI_dtors_ptr                 
1     0000a806  __lock                          
1     0000a808  __unlock                        
abs   00000004  _RamfuncsLoadSize               
abs   00000004  _RamfuncsRunSize                
abs   00000200  __STACK_SIZE                    
abs   ffffffff  .text                           
abs   ffffffff  ___TI_pprof_out_hndl            
abs   ffffffff  ___TI_prof_data_size            
abs   ffffffff  ___TI_prof_data_start           
abs   ffffffff  ___binit__                      
abs   ffffffff  ___c_args__                     
abs   ffffffff  ___etext__                      
abs   ffffffff  ___pinit__                      
abs   ffffffff  ___text__                       
abs   ffffffff  binit                           
abs   ffffffff  etext                           
abs   ffffffff  pinit                           
n/a   UNDEFED   _Device_init                    
n/a   UNDEFED   _Device_initGPIO                

[49 symbols]
