******************************************************************************
             TMS320C2000 Linker Unix v22.6.1                   
******************************************************************************
>> Linked Wed Apr 10 22:54:23 2024

OUTPUT FILE NAME:   <build/cpu2/vasa.out>
ENTRY POINT SYMBOL: "code_start"  address: 00080000


MEMORY CONFIGURATION

         name            origin    length      used     unused   attr    fill
----------------------  --------  ---------  --------  --------  ----  --------
PAGE 0:
  RAMM0                 000000a2   0000035e  00000000  0000035e  RWIX
  RAMLS0                00008000   00000800  0000004a  000007b6  RWIX
  RAMLS1                00008800   00000800  00000000  00000800  RWIX
  RAMLS2                00009000   00000800  00000000  00000800  RWIX
  RAMLS3                00009800   00000800  00000000  00000800  RWIX
  RAMLS4                0000a000   00000800  00000000  00000800  RWIX
  RAMD0                 0000b000   00000800  00000000  00000800  RWIX
  RAMGS14               0001a000   00001000  00000000  00001000  RWIX
  RAMGS15               0001b000   00000ff8  00000000  00000ff8  RWIX
  BEGIN                 00080000   00000002  00000002  00000000  RWIX
  FLASHA                00080002   00001ffe  00000000  00001ffe  RWIX
  FLASHB                00082000   00002000  0000032f  00001cd1  RWIX
  FLASHC                00084000   00002000  00000000  00002000  RWIX
  FLASHD                00086000   00002000  0000004a  00001fb6  RWIX
  FLASHE                00088000   00008000  00000000  00008000  RWIX
  FLASHF                00090000   00008000  00000000  00008000  RWIX
  FLASHG                00098000   00008000  00000000  00008000  RWIX
  FLASHH                000a0000   00008000  00000000  00008000  RWIX
  FLASHI                000a8000   00008000  00000000  00008000  RWIX
  FLASHJ                000b0000   00008000  00000000  00008000  RWIX
  FLASHK                000b8000   00002000  00000000  00002000  RWIX
  FLASHL                000ba000   00002000  00000000  00002000  RWIX
  FLASHM                000bc000   00002000  00000000  00002000  RWIX
  FLASHN                000be000   00001ff0  00000000  00001ff0  RWIX
  RESET                 003fffc0   00000002  00000000  00000002  RWIX

PAGE 1:
  BOOT_RSVD             00000002   000000a0  00000000  000000a0  RWIX
  RAMM1                 00000400   000003f8  00000100  000002f8  RWIX
  RAMLS5                0000a800   00000800  00000010  000007f0  RWIX
  RAMD1                 0000b800   00000800  00000000  00000800  RWIX
  RAMGS0                0000c000   00001000  00000000  00001000  RWIX
  RAMGS1                0000d000   00001000  00000000  00001000  RWIX
  RAMGS2                0000e000   00001000  00000000  00001000  RWIX
  CPU2TOCPU1RAM         0003f800   00000400  00000000  00000400  RWIX
  CPU1TOCPU2RAM         0003fc00   00000400  00000000  00000400  RWIX


SECTION ALLOCATION MAP

 output                                  attributes/
section   page    origin      length       input sections
--------  ----  ----------  ----------   ----------------
codestart 
*          0    00080000    00000002     
                  00080000    00000002     F2837xD_CodeStartBranch.obj (codestart)

.text      0    00082000    0000031d     
                  00082000    000001a4     device.obj (.text)
                  000821a4    00000041     driverlib_eabi.lib : interrupt.obj (.text:Interrupt_initModule)
                  000821e5    0000003b     main.obj (.text)
                  00082220    00000030     rts2800_fpu32_eabi.lib : copy_decompress_lzss.c.obj (.text:decompress:lzss)
                  00082250    0000002b                            : autoinit.c.obj (.text:__TI_auto_init_nobinit_nopinit)
                  0008227b    00000029                            : exit.c.obj (.text)
                  000822a4    0000001d                            : memcpy.c.obj (.text)
                  000822c1    00000017                            : boot28.asm.obj (.text)
                  000822d8    00000015     driverlib_eabi.lib : interrupt.obj (.text:Interrupt_initVectorTable)
                  000822ed    0000000c     rts2800_fpu32_eabi.lib : args_main.c.obj (.text)
                  000822f9    00000009                            : _lock.c.obj (.text)
                  00082302    00000008     F2837xD_CodeStartBranch.obj (.text)
                  0008230a    00000008     rts2800_fpu32_eabi.lib : copy_decompress_none.c.obj (.text:decompress:none)
                  00082312    00000004     driverlib_eabi.lib : interrupt.obj (.text:Interrupt_defaultHandler)
                  00082316    00000002                        : interrupt.obj (.text:Interrupt_illegalOperationHandler)
                  00082318    00000002                        : interrupt.obj (.text:Interrupt_nmiHandler)
                  0008231a    00000002     rts2800_fpu32_eabi.lib : pre_init.c.obj (.text)
                  0008231c    00000001                            : startup.c.obj (.text)

.cinit     0    00082320    00000012     
                  00082320    0000000a     (.cinit..data.load) [load image, compression = lzss]
                  0008232a    00000004     (__TI_handler_table)
                  0008232e    00000004     (__TI_cinit_table)

.stack     1    00000400    00000100     UNINITIALIZED
                  00000400    00000100     --HOLE--

.reset     0    003fffc0    00000000     DSECT

.init_array 
*          0    00082000    00000000     UNINITIALIZED

.data      1    0000a800    00000010     UNINITIALIZED
                  0000a800    00000006     device.obj (.data)
                  0000a806    00000006     rts2800_fpu32_eabi.lib : exit.c.obj (.data)
                  0000a80c    00000002                            : _lock.c.obj (.data:_lock)
                  0000a80e    00000002                            : _lock.c.obj (.data:_unlock)

.TI.ramfunc 
*          0    00086000    0000004a     RUN ADDR = 00008000
                  00086000    00000046     driverlib_eabi.lib : flash.obj (.TI.ramfunc:Flash_initModule)
                  00086046    00000004                        : sysctl.obj (.TI.ramfunc)

GETBUFFER 
*          0    0003fc00    00000000     DSECT

GETWRITEIDX 
*          0    0003fc00    00000000     DSECT

PUTREADIDX 
*          0    0003fc00    00000000     DSECT

MODULE SUMMARY

       Module                        code   ro data   rw data
       ------                        ----   -------   -------
    build/cpu2/
       device.obj                    420    0         6      
       main.obj                      59     0         0      
       F2837xD_CodeStartBranch.obj   10     0         0      
    +--+-----------------------------+------+---------+---------+
       Total:                        489    0         6      
                                                             
    makedir/__compiler/ti-cgt-c2000_22.6.1.LTS/lib/rts2800_fpu32_eabi.lib
       copy_decompress_lzss.c.obj    48     0         0      
       exit.c.obj                    41     0         6      
       autoinit.c.obj                43     0         0      
       memcpy.c.obj                  29     0         0      
       boot28.asm.obj                23     0         0      
       _lock.c.obj                   9      0         4      
       args_main.c.obj               12     0         0      
       copy_decompress_none.c.obj    8      0         0      
       pre_init.c.obj                2      0         0      
       startup.c.obj                 1      0         0      
    +--+-----------------------------+------+---------+---------+
       Total:                        216    0         10     
                                                             
    makedir/__device/driverlib/ccs/Release/driverlib_eabi.lib
       flash.obj                     140    0         0      
       interrupt.obj                 94     0         0      
       sysctl.obj                    8      0         0      
    +--+-----------------------------+------+---------+---------+
       Total:                        242    0         0      
                                                             
       Stack:                        0      0         256    
       Linker Generated:             0      18        0      
    +--+-----------------------------+------+---------+---------+
       Grand Total:                  947    18        272    


LINKER GENERATED COPY TABLES

__TI_cinit_table @ 0008232e records: 1, size/record: 4, table size: 4
	.data: load addr=00082320, load size=0000000a bytes, run addr=0000a800, run size=00000010 bytes, compression=lzss


LINKER GENERATED HANDLER TABLE

__TI_handler_table @ 0008232a records: 2, size/record: 2, table size: 4
	index: 0, handler: __TI_decompress_lzss
	index: 1, handler: __TI_decompress_none


GLOBAL DATA SYMBOLS: SORTED BY DATA PAGE

address     data page           name
--------    ----------------    ----
00000400      10 (00000400)     __stack

0000a800     2a0 (0000a800)     Example_Result
0000a802     2a0 (0000a800)     Example_PassCount
0000a804     2a0 (0000a800)     Example_Fail
0000a806     2a0 (0000a800)     __TI_enable_exit_profile_output
0000a808     2a0 (0000a800)     __TI_cleanup_ptr
0000a80a     2a0 (0000a800)     __TI_dtors_ptr
0000a80c     2a0 (0000a800)     _lock
0000a80e     2a0 (0000a800)     _unlock


GLOBAL SYMBOLS: SORTED ALPHABETICALLY BY Name 

page  address   name                                     
----  -------   ----                                     
0     0008227b  C$$EXIT                                  
0     00082052  Device_enableAllPeripherals              
0     0008217c  Device_enableUnbondedGPIOPullups         
0     0008215f  Device_enableUnbondedGPIOPullupsFor100Pin
0     0008214c  Device_enableUnbondedGPIOPullupsFor176Pin
0     00082034  Device_init                              
0     0008212b  Device_initGPIO                          
1     0000a804  Example_Fail                             
1     0000a802  Example_PassCount                        
1     0000a800  Example_Result                           
0     000821a3  Example_done                             
0     0008219e  Example_setResultFail                    
0     00082199  Example_setResultPass                    
0     00008000  Flash_initModule                         
0     000821a4  Interrupt_initModule                     
0     000822d8  Interrupt_initVectorTable                
0     0008604a  RamfuncsLoadEnd                          
abs   0000004a  RamfuncsLoadSize                         
0     00086000  RamfuncsLoadStart                        
0     0000804a  RamfuncsRunEnd                           
abs   0000004a  RamfuncsRunSize                          
0     00008000  RamfuncsRunStart                         
0     00008046  SysCtl_delay                             
0     0008232e  __TI_CINIT_Base                          
0     00082332  __TI_CINIT_Limit                         
0     00082332  __TI_CINIT_Warm                          
0     0008232a  __TI_Handler_Table_Base                  
0     0008232e  __TI_Handler_Table_Limit                 
1     00000500  __TI_STACK_END                           
abs   00000100  __TI_STACK_SIZE                          
0     00082250  __TI_auto_init_nobinit_nopinit           
1     0000a808  __TI_cleanup_ptr                         
0     00082220  __TI_decompress_lzss                     
0     0008230a  __TI_decompress_none                     
1     0000a80a  __TI_dtors_ptr                           
1     0000a806  __TI_enable_exit_profile_output          
abs   ffffffff  __TI_pprof_out_hndl                      
abs   ffffffff  __TI_prof_data_size                      
abs   ffffffff  __TI_prof_data_start                     
n/a   UNDEFED   __c_args__                               
0     00082192  __error__                                
1     00000400  __stack                                  
0     000822ed  _args_main                               
0     000822c1  _c_int00                                 
1     0000a80c  _lock                                    
0     00082301  _nop                                     
0     000822fd  _register_lock                           
0     000822f9  _register_unlock                         
0     0008231c  _system_post_cinit                       
0     0008231a  _system_pre_init                         
1     0000a80e  _unlock                                  
0     0008227b  abort                                    
0     00080000  code_start                               
0     0008227d  exit                                     
0     00082201  main                                     
0     000822a4  memcpy                                   


GLOBAL SYMBOLS: SORTED BY Symbol Address 

page  address   name                                     
----  -------   ----                                     
0     00008000  Flash_initModule                         
0     00008000  RamfuncsRunStart                         
0     00008046  SysCtl_delay                             
0     0000804a  RamfuncsRunEnd                           
0     00080000  code_start                               
0     00082034  Device_init                              
0     00082052  Device_enableAllPeripherals              
0     0008212b  Device_initGPIO                          
0     0008214c  Device_enableUnbondedGPIOPullupsFor176Pin
0     0008215f  Device_enableUnbondedGPIOPullupsFor100Pin
0     0008217c  Device_enableUnbondedGPIOPullups         
0     00082192  __error__                                
0     00082199  Example_setResultPass                    
0     0008219e  Example_setResultFail                    
0     000821a3  Example_done                             
0     000821a4  Interrupt_initModule                     
0     00082201  main                                     
0     00082220  __TI_decompress_lzss                     
0     00082250  __TI_auto_init_nobinit_nopinit           
0     0008227b  C$$EXIT                                  
0     0008227b  abort                                    
0     0008227d  exit                                     
0     000822a4  memcpy                                   
0     000822c1  _c_int00                                 
0     000822d8  Interrupt_initVectorTable                
0     000822ed  _args_main                               
0     000822f9  _register_unlock                         
0     000822fd  _register_lock                           
0     00082301  _nop                                     
0     0008230a  __TI_decompress_none                     
0     0008231a  _system_pre_init                         
0     0008231c  _system_post_cinit                       
0     0008232a  __TI_Handler_Table_Base                  
0     0008232e  __TI_CINIT_Base                          
0     0008232e  __TI_Handler_Table_Limit                 
0     00082332  __TI_CINIT_Limit                         
0     00082332  __TI_CINIT_Warm                          
0     00086000  RamfuncsLoadStart                        
0     0008604a  RamfuncsLoadEnd                          
1     00000400  __stack                                  
1     00000500  __TI_STACK_END                           
1     0000a800  Example_Result                           
1     0000a802  Example_PassCount                        
1     0000a804  Example_Fail                             
1     0000a806  __TI_enable_exit_profile_output          
1     0000a808  __TI_cleanup_ptr                         
1     0000a80a  __TI_dtors_ptr                           
1     0000a80c  _lock                                    
1     0000a80e  _unlock                                  
abs   0000004a  RamfuncsLoadSize                         
abs   0000004a  RamfuncsRunSize                          
abs   00000100  __TI_STACK_SIZE                          
abs   ffffffff  __TI_pprof_out_hndl                      
abs   ffffffff  __TI_prof_data_size                      
abs   ffffffff  __TI_prof_data_start                     
n/a   UNDEFED   __c_args__                               

[56 symbols]
